Archive member included to satisfy reference by file (symbol)

c:/st/stm32cubeide_1.11.0/stm32cubeide/plugins/com.st.stm32cube.ide.mcu.externaltools.gnu-tools-for-stm32.10.3-2021.10.win32_1.0.200.202301161003/tools/bin/../lib/gcc/arm-none-eabi/10.3.1/../../../../arm-none-eabi/lib/thumb/v6-m/nofp\libc_nano.a(lib_a-errno.o)
                              ./Core/Src/syscalls.o (__errno)
c:/st/stm32cubeide_1.11.0/stm32cubeide/plugins/com.st.stm32cube.ide.mcu.externaltools.gnu-tools-for-stm32.10.3-2021.10.win32_1.0.200.202301161003/tools/bin/../lib/gcc/arm-none-eabi/10.3.1/../../../../arm-none-eabi/lib/thumb/v6-m/nofp\libc_nano.a(lib_a-exit.o)
                              c:/st/stm32cubeide_1.11.0/stm32cubeide/plugins/com.st.stm32cube.ide.mcu.externaltools.gnu-tools-for-stm32.10.3-2021.10.win32_1.0.200.202301161003/tools/bin/../lib/gcc/arm-none-eabi/10.3.1/../../../../arm-none-eabi/lib/thumb/v6-m/nofp/crt0.o (exit)
c:/st/stm32cubeide_1.11.0/stm32cubeide/plugins/com.st.stm32cube.ide.mcu.externaltools.gnu-tools-for-stm32.10.3-2021.10.win32_1.0.200.202301161003/tools/bin/../lib/gcc/arm-none-eabi/10.3.1/../../../../arm-none-eabi/lib/thumb/v6-m/nofp\libc_nano.a(lib_a-impure.o)
                              c:/st/stm32cubeide_1.11.0/stm32cubeide/plugins/com.st.stm32cube.ide.mcu.externaltools.gnu-tools-for-stm32.10.3-2021.10.win32_1.0.200.202301161003/tools/bin/../lib/gcc/arm-none-eabi/10.3.1/../../../../arm-none-eabi/lib/thumb/v6-m/nofp\libc_nano.a(lib_a-exit.o) (_global_impure_ptr)
c:/st/stm32cubeide_1.11.0/stm32cubeide/plugins/com.st.stm32cube.ide.mcu.externaltools.gnu-tools-for-stm32.10.3-2021.10.win32_1.0.200.202301161003/tools/bin/../lib/gcc/arm-none-eabi/10.3.1/../../../../arm-none-eabi/lib/thumb/v6-m/nofp\libc_nano.a(lib_a-init.o)
                              c:/st/stm32cubeide_1.11.0/stm32cubeide/plugins/com.st.stm32cube.ide.mcu.externaltools.gnu-tools-for-stm32.10.3-2021.10.win32_1.0.200.202301161003/tools/bin/../lib/gcc/arm-none-eabi/10.3.1/../../../../arm-none-eabi/lib/thumb/v6-m/nofp/crt0.o (__libc_init_array)
c:/st/stm32cubeide_1.11.0/stm32cubeide/plugins/com.st.stm32cube.ide.mcu.externaltools.gnu-tools-for-stm32.10.3-2021.10.win32_1.0.200.202301161003/tools/bin/../lib/gcc/arm-none-eabi/10.3.1/../../../../arm-none-eabi/lib/thumb/v6-m/nofp\libc_nano.a(lib_a-memset.o)
                              c:/st/stm32cubeide_1.11.0/stm32cubeide/plugins/com.st.stm32cube.ide.mcu.externaltools.gnu-tools-for-stm32.10.3-2021.10.win32_1.0.200.202301161003/tools/bin/../lib/gcc/arm-none-eabi/10.3.1/../../../../arm-none-eabi/lib/thumb/v6-m/nofp/crt0.o (memset)
c:/st/stm32cubeide_1.11.0/stm32cubeide/plugins/com.st.stm32cube.ide.mcu.externaltools.gnu-tools-for-stm32.10.3-2021.10.win32_1.0.200.202301161003/tools/bin/../lib/gcc/arm-none-eabi/10.3.1/thumb/v6-m/nofp\libgcc.a(_udivsi3.o)
                              ./Core/Src/system_stm32g0xx.o (__aeabi_uidiv)
c:/st/stm32cubeide_1.11.0/stm32cubeide/plugins/com.st.stm32cube.ide.mcu.externaltools.gnu-tools-for-stm32.10.3-2021.10.win32_1.0.200.202301161003/tools/bin/../lib/gcc/arm-none-eabi/10.3.1/thumb/v6-m/nofp\libgcc.a(_divsi3.o)
                              ./Drivers/STM32G0xx_HAL_Driver/Src/stm32g0xx_hal_uart_ex.o (__aeabi_idiv)
c:/st/stm32cubeide_1.11.0/stm32cubeide/plugins/com.st.stm32cube.ide.mcu.externaltools.gnu-tools-for-stm32.10.3-2021.10.win32_1.0.200.202301161003/tools/bin/../lib/gcc/arm-none-eabi/10.3.1/thumb/v6-m/nofp\libgcc.a(_dvmd_tls.o)
                              c:/st/stm32cubeide_1.11.0/stm32cubeide/plugins/com.st.stm32cube.ide.mcu.externaltools.gnu-tools-for-stm32.10.3-2021.10.win32_1.0.200.202301161003/tools/bin/../lib/gcc/arm-none-eabi/10.3.1/thumb/v6-m/nofp\libgcc.a(_udivsi3.o) (__aeabi_idiv0)

Discarded input sections

 .text          0x0000000000000000        0x0 c:/st/stm32cubeide_1.11.0/stm32cubeide/plugins/com.st.stm32cube.ide.mcu.externaltools.gnu-tools-for-stm32.10.3-2021.10.win32_1.0.200.202301161003/tools/bin/../lib/gcc/arm-none-eabi/10.3.1/thumb/v6-m/nofp/crti.o
 .data          0x0000000000000000        0x0 c:/st/stm32cubeide_1.11.0/stm32cubeide/plugins/com.st.stm32cube.ide.mcu.externaltools.gnu-tools-for-stm32.10.3-2021.10.win32_1.0.200.202301161003/tools/bin/../lib/gcc/arm-none-eabi/10.3.1/thumb/v6-m/nofp/crti.o
 .bss           0x0000000000000000        0x0 c:/st/stm32cubeide_1.11.0/stm32cubeide/plugins/com.st.stm32cube.ide.mcu.externaltools.gnu-tools-for-stm32.10.3-2021.10.win32_1.0.200.202301161003/tools/bin/../lib/gcc/arm-none-eabi/10.3.1/thumb/v6-m/nofp/crti.o
 .data          0x0000000000000000        0x4 c:/st/stm32cubeide_1.11.0/stm32cubeide/plugins/com.st.stm32cube.ide.mcu.externaltools.gnu-tools-for-stm32.10.3-2021.10.win32_1.0.200.202301161003/tools/bin/../lib/gcc/arm-none-eabi/10.3.1/thumb/v6-m/nofp/crtbegin.o
[...]
Memory Configuration

Name             Origin             Length             Attributes
RAM              0x0000000020000000 0x0000000000002000 xrw
FLASH            0x0000000008000000 0x0000000000008000 xr
*default*        0x0000000000000000 0xffffffffffffffff

Linker script and memory map

LOAD c:/st/stm32cubeide_1.11.0/stm32cubeide/plugins/com.st.stm32cube.ide.mcu.externaltools.gnu-tools-for-stm32.10.3-2021.10.win32_1.0.200.202301161003/tools/bin/../lib/gcc/arm-none-eabi/10.3.1/thumb/v6-m/nofp/crti.o
LOAD c:/st/stm32cubeide_1.11.0/stm32cubeide/plugins/com.st.stm32cube.ide.mcu.externaltools.gnu-tools-for-stm32.10.3-2021.10.win32_1.0.200.202301161003/tools/bin/../lib/gcc/arm-none-eabi/10.3.1/thumb/v6-m/nofp/crtbegin.o
LOAD c:/st/stm32cubeide_1.11.0/stm32cubeide/plugins/com.st.stm32cube.ide.mcu.externaltools.gnu-tools-for-stm32.10.3-2021.10.win32_1.0.200.202301161003/tools/bin/../lib/gcc/arm-none-eabi/10.3.1/../../../../arm-none-eabi/lib/thumb/v6-m/nofp/crt0.o
LOAD ./Core/Src/Drivers/dp_switch.o
LOAD ./Core/Src/Drivers/equalizer.o
LOAD ./Core/Src/dma.o
LOAD ./Core/Src/gpio.o
LOAD ./Core/Src/i2c.o
LOAD ./Core/Src/main.o
LOAD ./Core/Src/stm32g0xx_hal_msp.o
LOAD ./Core/Src/stm32g0xx_it.o
LOAD ./Core/Src/syscalls.o
LOAD ./Core/Src/sysmem.o
LOAD ./Core/Src/system_stm32g0xx.o
LOAD ./Core/Src/usart.o
LOAD ./Core/Startup/startup_stm32g030k6tx.o
LOAD ./Drivers/STM32G0xx_HAL_Driver/Src/stm32g0xx_hal.o
LOAD ./Drivers/STM32G0xx_HAL_Driver/Src/stm32g0xx_hal_cortex.o
LOAD ./Drivers/STM32G0xx_HAL_Driver/Src/stm32g0xx_hal_dma.o
LOAD ./Drivers/STM32G0xx_HAL_Driver/Src/stm32g0xx_hal_dma_ex.o
LOAD ./Drivers/STM32G0xx_HAL_Driver/Src/stm32g0xx_hal_exti.o
LOAD ./Drivers/STM32G0xx_HAL_Driver/Src/stm32g0xx_hal_flash.o
LOAD ./Drivers/STM32G0xx_HAL_Driver/Src/stm32g0xx_hal_flash_ex.o
LOAD ./Drivers/STM32G0xx_HAL_Driver/Src/stm32g0xx_hal_gpio.o
LOAD ./Drivers/STM32G0xx_HAL_Driver/Src/stm32g0xx_hal_i2c.o
LOAD ./Drivers/STM32G0xx_HAL_Driver/Src/stm32g0xx_hal_i2c_ex.o
LOAD ./Drivers/STM32G0xx_HAL_Driver/Src/stm32g0xx_hal_pwr.o
LOAD ./Drivers/STM32G0xx_HAL_Driver/Src/stm32g0xx_hal_pwr_ex.o
LOAD ./Drivers/STM32G0xx_HAL_Driver/Src/stm32g0xx_hal_rcc.o
LOAD ./Drivers/STM32G0xx_HAL_Driver/Src/stm32g0xx_hal_rcc_ex.o
LOAD ./Drivers/STM32G0xx_HAL_Driver/Src/stm32g0xx_hal_uart.o
LOAD ./Drivers/STM32G0xx_HAL_Driver/Src/stm32g0xx_hal_uart_ex.o
LOAD ./Drivers/STM32G0xx_HAL_Driver/Src/stm32g0xx_ll_dma.o
LOAD ./Drivers/STM32G0xx_HAL_Driver/Src/stm32g0xx_ll_rcc.o
START GROUP
LOAD c:/st/stm32cubeide_1.11.0/stm32cubeide/plugins/com.st.stm32cube.ide.mcu.externaltools.gnu-tools-for-stm32.10.3-2021.10.win32_1.0.200.202301161003/tools/bin/../lib/gcc/arm-none-eabi/10.3.1/../../../../arm-none-eabi/lib/thumb/v6-m/nofp\libc_nano.a
LOAD c:/st/stm32cubeide_1.11.0/stm32cubeide/plugins/com.st.stm32cube.ide.mcu.externaltools.gnu-tools-for-stm32.10.3-2021.10.win32_1.0.200.202301161003/tools/bin/../lib/gcc/arm-none-eabi/10.3.1/../../../../arm-none-eabi/lib/thumb/v6-m/nofp\libm.a
END GROUP
START GROUP
LOAD c:/st/stm32cubeide_1.11.0/stm32cubeide/plugins/com.st.stm32cube.ide.mcu.externaltools.gnu-tools-for-stm32.10.3-2021.10.win32_1.0.200.202301161003/tools/bin/../lib/gcc/arm-none-eabi/10.3.1/thumb/v6-m/nofp\libgcc.a
LOAD c:/st/stm32cubeide_1.11.0/stm32cubeide/plugins/com.st.stm32cube.ide.mcu.externaltools.gnu-tools-for-stm32.10.3-2021.10.win32_1.0.200.202301161003/tools/bin/../lib/gcc/arm-none-eabi/10.3.1/../../../../arm-none-eabi/lib/thumb/v6-m/nofp\libc_nano.a
END GROUP
START GROUP
LOAD c:/st/stm32cubeide_1.11.0/stm32cubeide/plugins/com.st.stm32cube.ide.mcu.externaltools.gnu-tools-for-stm32.10.3-2021.10.win32_1.0.200.202301161003/tools/bin/../lib/gcc/arm-none-eabi/10.3.1/thumb/v6-m/nofp\libgcc.a
LOAD c:/st/stm32cubeide_1.11.0/stm32cubeide/plugins/com.st.stm32cube.ide.mcu.externaltools.gnu-tools-for-stm32.10.3-2021.10.win32_1.0.200.202301161003/tools/bin/../lib/gcc/arm-none-eabi/10.3.1/../../../../arm-none-eabi/lib/thumb/v6-m/nofp\libc_nano.a
LOAD c:/st/stm32cubeide_1.11.0/stm32cubeide/plugins/com.st.stm32cube.ide.mcu.externaltools.gnu-tools-for-stm32.10.3-2021.10.win32_1.0.200.202301161003/tools/bin/../lib/gcc/arm-none-eabi/10.3.1/../../../../arm-none-eabi/lib/thumb/v6-m/nofp\libnosys.a
END GROUP
START GROUP
LOAD c:/st/stm32cubeide_1.11.0/stm32cubeide/plugins/com.st.stm32cube.ide.mcu.externaltools.gnu-tools-for-stm32.10.3-2021.10.win32_1.0.200.202301161003/tools/bin/../lib/gcc/arm-none-eabi/10.3.1/thumb/v6-m/nofp\libgcc.a
LOAD c:/st/stm32cubeide_1.11.0/stm32cubeide/plugins/com.st.stm32cube.ide.mcu.externaltools.gnu-tools-for-stm32.10.3-2021.10.win32_1.0.200.202301161003/tools/bin/../lib/gcc/arm-none-eabi/10.3.1/../../../../arm-none-eabi/lib/thumb/v6-m/nofp\libc_nano.a
LOAD c:/st/stm32cubeide_1.11.0/stm32cubeide/plugins/com.st.stm32cube.ide.mcu.externaltools.gnu-tools-for-stm32.10.3-2021.10.win32_1.0.200.202301161003/tools/bin/../lib/gcc/arm-none-eabi/10.3.1/../../../../arm-none-eabi/lib/thumb/v6-m/nofp\libnosys.a
END GROUP
LOAD c:/st/stm32cubeide_1.11.0/stm32cubeide/plugins/com.st.stm32cube.ide.mcu.externaltools.gnu-tools-for-stm32.10.3-2021.10.win32_1.0.200.202301161003/tools/bin/../lib/gcc/arm-none-eabi/10.3.1/thumb/v6-m/nofp/crtend.o
LOAD c:/st/stm32cubeide_1.11.0/stm32cubeide/plugins/com.st.stm32cube.ide.mcu.externaltools.gnu-tools-for-stm32.10.3-2021.10.win32_1.0.200.202301161003/tools/bin/../lib/gcc/arm-none-eabi/10.3.1/thumb/v6-m/nofp/crtn.o
                0x0000000020002000                _estack = (ORIGIN (RAM) + LENGTH (RAM))
                0x0000000000000200                _Min_Heap_Size = 0x200
                0x0000000000000400                _Min_Stack_Size = 0x400

.isr_vector     0x0000000008000000       0xb8
                0x0000000008000000                . = ALIGN (0x4)
 *(.isr_vector)
 .isr_vector    0x0000000008000000       0xb8 ./Core/Startup/startup_stm32g030k6tx.o
                0x0000000008000000                g_pfnVectors
                0x00000000080000b8                . = ALIGN (0x4)

.text           0x00000000080000b8     0x4e4c
                0x00000000080000b8                . = ALIGN (0x4)
 *(.text)
 .text          0x00000000080000b8       0x48 c:/st/stm32cubeide_1.11.0/stm32cubeide/plugins/com.st.stm32cube.ide.mcu.externaltools.gnu-tools-for-stm32.10.3-2021.10.win32_1.0.200.202301161003/tools/bin/../lib/gcc/arm-none-eabi/10.3.1/thumb/v6-m/nofp/crtbegin.o
 .text          0x0000000008000100      0x114 c:/st/stm32cubeide_1.11.0/stm32cubeide/plugins/com.st.stm32cube.ide.mcu.externaltools.gnu-tools-for-stm32.10.3-2021.10.win32_1.0.200.202301161003/tools/bin/../lib/gcc/arm-none-eabi/10.3.1/thumb/v6-m/nofp\libgcc.a(_udivsi3.o)
                0x0000000008000100                __aeabi_uidiv
                0x0000000008000100                __udivsi3
                0x000000000800020c                __aeabi_uidivmod
 .text          0x0000000008000214      0x1d4 c:/st/stm32cubeide_1.11.0/stm32cubeide/plugins/com.st.stm32cube.ide.mcu.externaltools.gnu-tools-for-stm32.10.3-2021.10.win32_1.0.200.202301161003/tools/bin/../lib/gcc/arm-none-eabi/10.3.1/thumb/v6-m/nofp\libgcc.a(_divsi3.o)
                0x0000000008000214                __divsi3
                0x0000000008000214                __aeabi_idiv
                0x00000000080003e0                __aeabi_idivmod
 .text          0x00000000080003e8        0x4 c:/st/stm32cubeide_1.11.0/stm32cubeide/plugins/com.st.stm32cube.ide.mcu.externaltools.gnu-tools-for-stm32.10.3-2021.10.win32_1.0.200.202301161003/tools/bin/../lib/gcc/arm-none-eabi/10.3.1/thumb/v6-m/nofp\libgcc.a(_dvmd_tls.o)
                0x00000000080003e8                __aeabi_idiv0
                0x00000000080003e8                __aeabi_ldiv0
 *(.text*)
 .text.setDp    0x00000000080003ec       0x32 ./Core/Src/Drivers/dp_switch.o
                0x00000000080003ec                setDp
 .text.eqInit   0x000000000800041e       0x70 ./Core/Src/Drivers/equalizer.o
                0x000000000800041e                eqInit
 *fill*         0x000000000800048e        0x2 
 .text.eqGainSet
                0x0000000008000490       0xec ./Core/Src/Drivers/equalizer.o
                0x0000000008000490                eqGainSet
 .text.MX_DMA_Init
                0x000000000800057c       0x3c ./Core/Src/dma.o
                0x000000000800057c                MX_DMA_Init
 .text.MX_GPIO_Init
                0x00000000080005b8      0x134 ./Core/Src/gpio.o
                0x00000000080005b8                MX_GPIO_Init
 .text.gpioToSwitchDP
                0x00000000080006ec       0x3e ./Core/Src/gpio.o
                0x00000000080006ec                gpioToSwitchDP
 *fill*         0x000000000800072a        0x2 
 .text.buttonsInit
                0x000000000800072c       0x20 ./Core/Src/gpio.o
                0x000000000800072c                buttonsInit
 .text.buttonsGetState
                0x000000000800074c       0x48 ./Core/Src/gpio.o
                0x000000000800074c                buttonsGetState
 .text.buttonsResetState
                0x0000000008000794       0x20 ./Core/Src/gpio.o
                0x0000000008000794                buttonsResetState
 .text.HAL_GPIO_EXTI_Falling_Callback
                0x00000000080007b4       0x48 ./Core/Src/gpio.o
                0x00000000080007b4                HAL_GPIO_EXTI_Falling_Callback
 .text.MX_I2C1_Init
                0x00000000080007fc       0x80 ./Core/Src/i2c.o
                0x00000000080007fc                MX_I2C1_Init
 .text.HAL_I2C_MspInit
                0x000000000800087c       0xd4 ./Core/Src/i2c.o
                0x000000000800087c                HAL_I2C_MspInit
 .text.eqI2CRead
                0x0000000008000950       0x80 ./Core/Src/i2c.o
                0x0000000008000950                eqI2CRead
 .text.eqI2CWrite
                0x00000000080009d0       0x50 ./Core/Src/i2c.o
                0x00000000080009d0                eqI2CWrite
 .text.main     0x0000000008000a20       0x92 ./Core/Src/main.o
                0x0000000008000a20                main
 .text.SystemClock_Config
                0x0000000008000ab2       0xb4 ./Core/Src/main.o
                0x0000000008000ab2                SystemClock_Config
 .text.Error_Handler
                0x0000000008000b66        0xa ./Core/Src/main.o
                0x0000000008000b66                Error_Handler
 .text.HAL_MspInit
                0x0000000008000b70       0x48 ./Core/Src/stm32g0xx_hal_msp.o
                0x0000000008000b70                HAL_MspInit
 .text.NMI_Handler
                0x0000000008000bb8        0x6 ./Core/Src/stm32g0xx_it.o
                0x0000000008000bb8                NMI_Handler
 .text.HardFault_Handler
                0x0000000008000bbe        0x6 ./Core/Src/stm32g0xx_it.o
                0x0000000008000bbe                HardFault_Handler
 .text.SVC_Handler
                0x0000000008000bc4        0xa ./Core/Src/stm32g0xx_it.o
                0x0000000008000bc4                SVC_Handler
 .text.PendSV_Handler
                0x0000000008000bce        0xa ./Core/Src/stm32g0xx_it.o
                0x0000000008000bce                PendSV_Handler
 .text.SysTick_Handler
                0x0000000008000bd8        0xe ./Core/Src/stm32g0xx_it.o
                0x0000000008000bd8                SysTick_Handler
 .text.EXTI0_1_IRQHandler
                0x0000000008000be6       0x16 ./Core/Src/stm32g0xx_it.o
                0x0000000008000be6                EXTI0_1_IRQHandler
 .text.EXTI2_3_IRQHandler
                0x0000000008000bfc       0x10 ./Core/Src/stm32g0xx_it.o
                0x0000000008000bfc                EXTI2_3_IRQHandler
 .text.DMA1_Channel1_IRQHandler
                0x0000000008000c0c       0x18 ./Core/Src/stm32g0xx_it.o
                0x0000000008000c0c                DMA1_Channel1_IRQHandler
 .text.I2C1_IRQHandler
                0x0000000008000c24       0x30 ./Core/Src/stm32g0xx_it.o
                0x0000000008000c24                I2C1_IRQHandler
 .text.USART1_IRQHandler
                0x0000000008000c54       0x18 ./Core/Src/stm32g0xx_it.o
                0x0000000008000c54                USART1_IRQHandler
 .text.SystemInit
                0x0000000008000c6c        0xa ./Core/Src/system_stm32g0xx.o
                0x0000000008000c6c                SystemInit
 *fill*         0x0000000008000c76        0x2 
 .text.MX_USART1_UART_Init
                0x0000000008000c78       0x9c ./Core/Src/usart.o
                0x0000000008000c78                MX_USART1_UART_Init
 .text.HAL_UART_MspInit
                0x0000000008000d14      0x130 ./Core/Src/usart.o
                0x0000000008000d14                HAL_UART_MspInit
 .text.Reset_Handler
                0x0000000008000e44       0x50 ./Core/Startup/startup_stm32g030k6tx.o
                0x0000000008000e44                Reset_Handler
 .text.Default_Handler
                0x0000000008000e94        0x2 ./Core/Startup/startup_stm32g030k6tx.o
                0x0000000008000e94                TIM1_CC_IRQHandler
                0x0000000008000e94                RTC_TAMP_IRQHandler
                0x0000000008000e94                SPI1_IRQHandler
                0x0000000008000e94                DMA1_Ch4_5_DMAMUX1_OVR_IRQHandler
                0x0000000008000e94                ADC1_IRQHandler
                0x0000000008000e94                I2C2_IRQHandler
                0x0000000008000e94                TIM17_IRQHandler
                0x0000000008000e94                TIM16_IRQHandler
                0x0000000008000e94                TIM3_IRQHandler
                0x0000000008000e94                EXTI4_15_IRQHandler
                0x0000000008000e94                RCC_IRQHandler
                0x0000000008000e94                Default_Handler
                0x0000000008000e94                TIM14_IRQHandler
                0x0000000008000e94                SPI2_IRQHandler
                0x0000000008000e94                WWDG_IRQHandler
                0x0000000008000e94                DMA1_Channel2_3_IRQHandler
                0x0000000008000e94                USART2_IRQHandler
                0x0000000008000e94                FLASH_IRQHandler
                0x0000000008000e94                TIM1_BRK_UP_TRG_COM_IRQHandler
 *fill*         0x0000000008000e96        0x2 
 .text.HAL_Init
                0x0000000008000e98       0x40 ./Drivers/STM32G0xx_HAL_Driver/Src/stm32g0xx_hal.o
                0x0000000008000e98                HAL_Init
 .text.HAL_InitTick
                0x0000000008000ed8       0x94 ./Drivers/STM32G0xx_HAL_Driver/Src/stm32g0xx_hal.o
                0x0000000008000ed8                HAL_InitTick
 .text.HAL_IncTick
                0x0000000008000f6c       0x24 ./Drivers/STM32G0xx_HAL_Driver/Src/stm32g0xx_hal.o
                0x0000000008000f6c                HAL_IncTick
 .text.HAL_GetTick
                0x0000000008000f90       0x14 ./Drivers/STM32G0xx_HAL_Driver/Src/stm32g0xx_hal.o
                0x0000000008000f90                HAL_GetTick
 .text.__NVIC_EnableIRQ
                0x0000000008000fa4       0x34 ./Drivers/STM32G0xx_HAL_Driver/Src/stm32g0xx_hal_cortex.o
 .text.__NVIC_SetPriority
                0x0000000008000fd8       0xdc ./Drivers/STM32G0xx_HAL_Driver/Src/stm32g0xx_hal_cortex.o
 .text.SysTick_Config
                0x00000000080010b4       0x48 ./Drivers/STM32G0xx_HAL_Driver/Src/stm32g0xx_hal_cortex.o
 .text.HAL_NVIC_SetPriority
                0x00000000080010fc       0x2a ./Drivers/STM32G0xx_HAL_Driver/Src/stm32g0xx_hal_cortex.o
                0x00000000080010fc                HAL_NVIC_SetPriority
 .text.HAL_NVIC_EnableIRQ
                0x0000000008001126       0x20 ./Drivers/STM32G0xx_HAL_Driver/Src/stm32g0xx_hal_cortex.o
                0x0000000008001126                HAL_NVIC_EnableIRQ
 .text.HAL_SYSTICK_Config
                0x0000000008001146       0x1a ./Drivers/STM32G0xx_HAL_Driver/Src/stm32g0xx_hal_cortex.o
                0x0000000008001146                HAL_SYSTICK_Config
 .text.HAL_DMA_Init
                0x0000000008001160      0x114 ./Drivers/STM32G0xx_HAL_Driver/Src/stm32g0xx_hal_dma.o
                0x0000000008001160                HAL_DMA_Init
 .text.HAL_DMA_Abort
                0x0000000008001274       0xc4 ./Drivers/STM32G0xx_HAL_Driver/Src/stm32g0xx_hal_dma.o
                0x0000000008001274                HAL_DMA_Abort
 .text.HAL_DMA_Abort_IT
                0x0000000008001338       0xd4 ./Drivers/STM32G0xx_HAL_Driver/Src/stm32g0xx_hal_dma.o
                0x0000000008001338                HAL_DMA_Abort_IT
 .text.HAL_DMA_IRQHandler
                0x000000000800140c      0x164 ./Drivers/STM32G0xx_HAL_Driver/Src/stm32g0xx_hal_dma.o
                0x000000000800140c                HAL_DMA_IRQHandler
 .text.HAL_DMA_GetState
                0x0000000008001570       0x18 ./Drivers/STM32G0xx_HAL_Driver/Src/stm32g0xx_hal_dma.o
                0x0000000008001570                HAL_DMA_GetState
 .text.DMA_CalcDMAMUXChannelBaseAndMask
                0x0000000008001588       0x58 ./Drivers/STM32G0xx_HAL_Driver/Src/stm32g0xx_hal_dma.o
 .text.DMA_CalcDMAMUXRequestGenBaseAndMask
                0x00000000080015e0       0x48 ./Drivers/STM32G0xx_HAL_Driver/Src/stm32g0xx_hal_dma.o
 .text.HAL_GPIO_Init
                0x0000000008001628      0x2c8 ./Drivers/STM32G0xx_HAL_Driver/Src/stm32g0xx_hal_gpio.o
                0x0000000008001628                HAL_GPIO_Init
 .text.HAL_GPIO_WritePin
                0x00000000080018f0       0x3a ./Drivers/STM32G0xx_HAL_Driver/Src/stm32g0xx_hal_gpio.o
                0x00000000080018f0                HAL_GPIO_WritePin
 *fill*         0x000000000800192a        0x2 
 .text.HAL_GPIO_EXTI_IRQHandler
                0x000000000800192c       0x54 ./Drivers/STM32G0xx_HAL_Driver/Src/stm32g0xx_hal_gpio.o
                0x000000000800192c                HAL_GPIO_EXTI_IRQHandler
 .text.HAL_GPIO_EXTI_Rising_Callback
                0x0000000008001980       0x14 ./Drivers/STM32G0xx_HAL_Driver/Src/stm32g0xx_hal_gpio.o
                0x0000000008001980                HAL_GPIO_EXTI_Rising_Callback
 .text.HAL_I2C_Init
                0x0000000008001994      0x12c ./Drivers/STM32G0xx_HAL_Driver/Src/stm32g0xx_hal_i2c.o
                0x0000000008001994                HAL_I2C_Init
 .text.HAL_I2C_Master_Transmit
                0x0000000008001ac0      0x210 ./Drivers/STM32G0xx_HAL_Driver/Src/stm32g0xx_hal_i2c.o
                0x0000000008001ac0                HAL_I2C_Master_Transmit
 .text.HAL_I2C_Master_Receive
                0x0000000008001cd0      0x210 ./Drivers/STM32G0xx_HAL_Driver/Src/stm32g0xx_hal_i2c.o
                0x0000000008001cd0                HAL_I2C_Master_Receive
 .text.HAL_I2C_EV_IRQHandler
                0x0000000008001ee0       0x34 ./Drivers/STM32G0xx_HAL_Driver/Src/stm32g0xx_hal_i2c.o
                0x0000000008001ee0                HAL_I2C_EV_IRQHandler
 .text.HAL_I2C_ER_IRQHandler
                0x0000000008001f14       0xc4 ./Drivers/STM32G0xx_HAL_Driver/Src/stm32g0xx_hal_i2c.o
                0x0000000008001f14                HAL_I2C_ER_IRQHandler
 .text.HAL_I2C_SlaveTxCpltCallback
                0x0000000008001fd8       0x10 ./Drivers/STM32G0xx_HAL_Driver/Src/stm32g0xx_hal_i2c.o
                0x0000000008001fd8                HAL_I2C_SlaveTxCpltCallback
 .text.HAL_I2C_SlaveRxCpltCallback
                0x0000000008001fe8       0x10 ./Drivers/STM32G0xx_HAL_Driver/Src/stm32g0xx_hal_i2c.o
                0x0000000008001fe8                HAL_I2C_SlaveRxCpltCallback
 .text.HAL_I2C_AddrCallback
                0x0000000008001ff8       0x20 ./Drivers/STM32G0xx_HAL_Driver/Src/stm32g0xx_hal_i2c.o
                0x0000000008001ff8                HAL_I2C_AddrCallback
 .text.HAL_I2C_ListenCpltCallback
                0x0000000008002018       0x10 ./Drivers/STM32G0xx_HAL_Driver/Src/stm32g0xx_hal_i2c.o
                0x0000000008002018                HAL_I2C_ListenCpltCallback
 .text.HAL_I2C_ErrorCallback
                0x0000000008002028       0x10 ./Drivers/STM32G0xx_HAL_Driver/Src/stm32g0xx_hal_i2c.o
                0x0000000008002028                HAL_I2C_ErrorCallback
 .text.HAL_I2C_AbortCpltCallback
                0x0000000008002038       0x10 ./Drivers/STM32G0xx_HAL_Driver/Src/stm32g0xx_hal_i2c.o
                0x0000000008002038                HAL_I2C_AbortCpltCallback
 .text.I2C_Slave_ISR_IT
                0x0000000008002048      0x228 ./Drivers/STM32G0xx_HAL_Driver/Src/stm32g0xx_hal_i2c.o
 .text.I2C_ITAddrCplt
                0x0000000008002270      0x148 ./Drivers/STM32G0xx_HAL_Driver/Src/stm32g0xx_hal_i2c.o
 .text.I2C_ITSlaveSeqCplt
                0x00000000080023b8       0xcc ./Drivers/STM32G0xx_HAL_Driver/Src/stm32g0xx_hal_i2c.o
 .text.I2C_ITSlaveCplt
                0x0000000008002484      0x248 ./Drivers/STM32G0xx_HAL_Driver/Src/stm32g0xx_hal_i2c.o
 .text.I2C_ITListenCplt
                0x00000000080026cc       0xb4 ./Drivers/STM32G0xx_HAL_Driver/Src/stm32g0xx_hal_i2c.o
 .text.I2C_ITError
                0x0000000008002780      0x1c4 ./Drivers/STM32G0xx_HAL_Driver/Src/stm32g0xx_hal_i2c.o
 .text.I2C_TreatErrorCallback
                0x0000000008002944       0x52 ./Drivers/STM32G0xx_HAL_Driver/Src/stm32g0xx_hal_i2c.o
 .text.I2C_Flush_TXDR
                0x0000000008002996       0x44 ./Drivers/STM32G0xx_HAL_Driver/Src/stm32g0xx_hal_i2c.o
 .text.I2C_DMAAbort
                0x00000000080029da       0x3e ./Drivers/STM32G0xx_HAL_Driver/Src/stm32g0xx_hal_i2c.o
 .text.I2C_WaitOnFlagUntilTimeout
                0x0000000008002a18       0x7e ./Drivers/STM32G0xx_HAL_Driver/Src/stm32g0xx_hal_i2c.o
 .text.I2C_WaitOnTXISFlagUntilTimeout
                0x0000000008002a96       0x7e ./Drivers/STM32G0xx_HAL_Driver/Src/stm32g0xx_hal_i2c.o
 .text.I2C_WaitOnSTOPFlagUntilTimeout
                0x0000000008002b14       0x78 ./Drivers/STM32G0xx_HAL_Driver/Src/stm32g0xx_hal_i2c.o
 .text.I2C_WaitOnRXNEFlagUntilTimeout
                0x0000000008002b8c       0xf4 ./Drivers/STM32G0xx_HAL_Driver/Src/stm32g0xx_hal_i2c.o
 .text.I2C_IsErrorOccurred
                0x0000000008002c80      0x200 ./Drivers/STM32G0xx_HAL_Driver/Src/stm32g0xx_hal_i2c.o
 .text.I2C_TransferConfig
                0x0000000008002e80       0x74 ./Drivers/STM32G0xx_HAL_Driver/Src/stm32g0xx_hal_i2c.o
 .text.I2C_Disable_IRQ
                0x0000000008002ef4       0xc6 ./Drivers/STM32G0xx_HAL_Driver/Src/stm32g0xx_hal_i2c.o
 *fill*         0x0000000008002fba        0x2 
 .text.HAL_I2CEx_ConfigAnalogFilter
                0x0000000008002fbc       0x98 ./Drivers/STM32G0xx_HAL_Driver/Src/stm32g0xx_hal_i2c_ex.o
                0x0000000008002fbc                HAL_I2CEx_ConfigAnalogFilter
 .text.HAL_I2CEx_ConfigDigitalFilter
                0x0000000008003054       0x98 ./Drivers/STM32G0xx_HAL_Driver/Src/stm32g0xx_hal_i2c_ex.o
                0x0000000008003054                HAL_I2CEx_ConfigDigitalFilter
 .text.HAL_PWREx_ControlVoltageScaling
                0x00000000080030ec       0x80 ./Drivers/STM32G0xx_HAL_Driver/Src/stm32g0xx_hal_pwr_ex.o
                0x00000000080030ec                HAL_PWREx_ControlVoltageScaling
 .text.LL_RCC_GetAPB1Prescaler
                0x000000000800316c       0x18 ./Drivers/STM32G0xx_HAL_Driver/Src/stm32g0xx_hal_rcc.o
 .text.HAL_RCC_OscConfig
                0x0000000008003184      0x620 ./Drivers/STM32G0xx_HAL_Driver/Src/stm32g0xx_hal_rcc.o
                0x0000000008003184                HAL_RCC_OscConfig
 .text.HAL_RCC_ClockConfig
                0x00000000080037a4      0x210 ./Drivers/STM32G0xx_HAL_Driver/Src/stm32g0xx_hal_rcc.o
                0x00000000080037a4                HAL_RCC_ClockConfig
 .text.HAL_RCC_GetSysClockFreq
                0x00000000080039b4      0x104 ./Drivers/STM32G0xx_HAL_Driver/Src/stm32g0xx_hal_rcc.o
                0x00000000080039b4                HAL_RCC_GetSysClockFreq
 .text.HAL_RCC_GetHCLKFreq
                0x0000000008003ab8       0x14 ./Drivers/STM32G0xx_HAL_Driver/Src/stm32g0xx_hal_rcc.o
                0x0000000008003ab8                HAL_RCC_GetHCLKFreq
 .text.HAL_RCC_GetPCLK1Freq
                0x0000000008003acc       0x2c ./Drivers/STM32G0xx_HAL_Driver/Src/stm32g0xx_hal_rcc.o
                0x0000000008003acc                HAL_RCC_GetPCLK1Freq
 .text.HAL_RCCEx_PeriphCLKConfig
                0x0000000008003af8      0x24c ./Drivers/STM32G0xx_HAL_Driver/Src/stm32g0xx_hal_rcc_ex.o
                0x0000000008003af8                HAL_RCCEx_PeriphCLKConfig
 .text.HAL_UART_Init
                0x0000000008003d44       0xac ./Drivers/STM32G0xx_HAL_Driver/Src/stm32g0xx_hal_uart.o
                0x0000000008003d44                HAL_UART_Init
 .text.HAL_UART_IRQHandler
                0x0000000008003df0      0x64c ./Drivers/STM32G0xx_HAL_Driver/Src/stm32g0xx_hal_uart.o
                0x0000000008003df0                HAL_UART_IRQHandler
 .text.HAL_UART_TxCpltCallback
                0x000000000800443c       0x10 ./Drivers/STM32G0xx_HAL_Driver/Src/stm32g0xx_hal_uart.o
                0x000000000800443c                HAL_UART_TxCpltCallback
 .text.HAL_UART_ErrorCallback
                0x000000000800444c       0x10 ./Drivers/STM32G0xx_HAL_Driver/Src/stm32g0xx_hal_uart.o
                0x000000000800444c                HAL_UART_ErrorCallback
 .text.HAL_UARTEx_RxEventCallback
                0x000000000800445c       0x16 ./Drivers/STM32G0xx_HAL_Driver/Src/stm32g0xx_hal_uart.o
                0x000000000800445c                HAL_UARTEx_RxEventCallback
 *fill*         0x0000000008004472        0x2 
 .text.UART_SetConfig
                0x0000000008004474      0x2d4 ./Drivers/STM32G0xx_HAL_Driver/Src/stm32g0xx_hal_uart.o
                0x0000000008004474                UART_SetConfig
 .text.UART_AdvFeatureConfig
                0x0000000008004748      0x168 ./Drivers/STM32G0xx_HAL_Driver/Src/stm32g0xx_hal_uart.o
                0x0000000008004748                UART_AdvFeatureConfig
 .text.UART_CheckIdleState
                0x00000000080048b0       0x9c ./Drivers/STM32G0xx_HAL_Driver/Src/stm32g0xx_hal_uart.o
                0x00000000080048b0                UART_CheckIdleState
 .text.UART_WaitOnFlagUntilTimeout
                0x000000000800494c      0x190 ./Drivers/STM32G0xx_HAL_Driver/Src/stm32g0xx_hal_uart.o
                0x000000000800494c                UART_WaitOnFlagUntilTimeout
 .text.UART_EndRxTransfer
                0x0000000008004adc       0xcc ./Drivers/STM32G0xx_HAL_Driver/Src/stm32g0xx_hal_uart.o
 .text.UART_DMAAbortOnError
                0x0000000008004ba8       0x2e ./Drivers/STM32G0xx_HAL_Driver/Src/stm32g0xx_hal_uart.o
 .text.UART_EndTransmit_IT
                0x0000000008004bd6       0x58 ./Drivers/STM32G0xx_HAL_Driver/Src/stm32g0xx_hal_uart.o
 .text.HAL_UARTEx_WakeupCallback
                0x0000000008004c2e       0x10 ./Drivers/STM32G0xx_HAL_Driver/Src/stm32g0xx_hal_uart_ex.o
                0x0000000008004c2e                HAL_UARTEx_WakeupCallback
 .text.HAL_UARTEx_RxFifoFullCallback
                0x0000000008004c3e       0x10 ./Drivers/STM32G0xx_HAL_Driver/Src/stm32g0xx_hal_uart_ex.o
                0x0000000008004c3e                HAL_UARTEx_RxFifoFullCallback
 .text.HAL_UARTEx_TxFifoEmptyCallback
                0x0000000008004c4e       0x10 ./Drivers/STM32G0xx_HAL_Driver/Src/stm32g0xx_hal_uart_ex.o
                0x0000000008004c4e                HAL_UARTEx_TxFifoEmptyCallback
 *fill*         0x0000000008004c5e        0x2 
 .text.HAL_UARTEx_DisableFifoMode
                0x0000000008004c60       0x74 ./Drivers/STM32G0xx_HAL_Driver/Src/stm32g0xx_hal_uart_ex.o
                0x0000000008004c60                HAL_UARTEx_DisableFifoMode
 .text.HAL_UARTEx_SetTxFifoThreshold
                0x0000000008004cd4       0x7e ./Drivers/STM32G0xx_HAL_Driver/Src/stm32g0xx_hal_uart_ex.o
                0x0000000008004cd4                HAL_UARTEx_SetTxFifoThreshold
 *fill*         0x0000000008004d52        0x2 
 .text.HAL_UARTEx_SetRxFifoThreshold
                0x0000000008004d54       0x84 ./Drivers/STM32G0xx_HAL_Driver/Src/stm32g0xx_hal_uart_ex.o
                0x0000000008004d54                HAL_UARTEx_SetRxFifoThreshold
 .text.UARTEx_SetNbDataToProcess
                0x0000000008004dd8       0xbc ./Drivers/STM32G0xx_HAL_Driver/Src/stm32g0xx_hal_uart_ex.o
 .text.__libc_init_array
                0x0000000008004e94       0x48 c:/st/stm32cubeide_1.11.0/stm32cubeide/plugins/com.st.stm32cube.ide.mcu.externaltools.gnu-tools-for-stm32.10.3-2021.10.win32_1.0.200.202301161003/tools/bin/../lib/gcc/arm-none-eabi/10.3.1/../../../../arm-none-eabi/lib/thumb/v6-m/nofp\libc_nano.a(lib_a-init.o)
                0x0000000008004e94                __libc_init_array
 .text.memset   0x0000000008004edc       0x10 c:/st/stm32cubeide_1.11.0/stm32cubeide/plugins/com.st.stm32cube.ide.mcu.externaltools.gnu-tools-for-stm32.10.3-2021.10.win32_1.0.200.202301161003/tools/bin/../lib/gcc/arm-none-eabi/10.3.1/../../../../arm-none-eabi/lib/thumb/v6-m/nofp\libc_nano.a(lib_a-memset.o)
                0x0000000008004edc                memset
 *(.glue_7)
 .glue_7        0x0000000008004eec        0x0 linker stubs
 *(.glue_7t)
 .glue_7t       0x0000000008004eec        0x0 linker stubs
 *(.eh_frame)
 .eh_frame      0x0000000008004eec        0x0 c:/st/stm32cubeide_1.11.0/stm32cubeide/plugins/com.st.stm32cube.ide.mcu.externaltools.gnu-tools-for-stm32.10.3-2021.10.win32_1.0.200.202301161003/tools/bin/../lib/gcc/arm-none-eabi/10.3.1/thumb/v6-m/nofp/crtbegin.o
 *(.init)
 .init          0x0000000008004eec        0x4 c:/st/stm32cubeide_1.11.0/stm32cubeide/plugins/com.st.stm32cube.ide.mcu.externaltools.gnu-tools-for-stm32.10.3-2021.10.win32_1.0.200.202301161003/tools/bin/../lib/gcc/arm-none-eabi/10.3.1/thumb/v6-m/nofp/crti.o
                0x0000000008004eec                _init
 .init          0x0000000008004ef0        0x8 c:/st/stm32cubeide_1.11.0/stm32cubeide/plugins/com.st.stm32cube.ide.mcu.externaltools.gnu-tools-for-stm32.10.3-2021.10.win32_1.0.200.202301161003/tools/bin/../lib/gcc/arm-none-eabi/10.3.1/thumb/v6-m/nofp/crtn.o
 *(.fini)
 .fini          0x0000000008004ef8        0x4 c:/st/stm32cubeide_1.11.0/stm32cubeide/plugins/com.st.stm32cube.ide.mcu.externaltools.gnu-tools-for-stm32.10.3-2021.10.win32_1.0.200.202301161003/tools/bin/../lib/gcc/arm-none-eabi/10.3.1/thumb/v6-m/nofp/crti.o
                0x0000000008004ef8                _fini
 .fini          0x0000000008004efc        0x8 c:/st/stm32cubeide_1.11.0/stm32cubeide/plugins/com.st.stm32cube.ide.mcu.externaltools.gnu-tools-for-stm32.10.3-2021.10.win32_1.0.200.202301161003/tools/bin/../lib/gcc/arm-none-eabi/10.3.1/thumb/v6-m/nofp/crtn.o
                0x0000000008004f04                . = ALIGN (0x4)
                0x0000000008004f04                _etext = .

.vfp11_veneer   0x0000000008004f04        0x0
 .vfp11_veneer  0x0000000008004f04        0x0 linker stubs

.v4_bx          0x0000000008004f04        0x0
 .v4_bx         0x0000000008004f04        0x0 linker stubs

.iplt           0x0000000008004f04        0x0
 .iplt          0x0000000008004f04        0x0 c:/st/stm32cubeide_1.11.0/stm32cubeide/plugins/com.st.stm32cube.ide.mcu.externaltools.gnu-tools-for-stm32.10.3-2021.10.win32_1.0.200.202301161003/tools/bin/../lib/gcc/arm-none-eabi/10.3.1/thumb/v6-m/nofp/crtbegin.o

.rodata         0x0000000008004f04       0x88
                0x0000000008004f04                . = ALIGN (0x4)
 *(.rodata)
 *(.rodata*)
 .rodata.AHBPrescTable
                0x0000000008004f04       0x40 ./Core/Src/system_stm32g0xx.o
                0x0000000008004f04                AHBPrescTable
 .rodata.APBPrescTable
                0x0000000008004f44       0x20 ./Core/Src/system_stm32g0xx.o
                0x0000000008004f44                APBPrescTable
 .rodata.UARTPrescTable
                0x0000000008004f64       0x18 ./Drivers/STM32G0xx_HAL_Driver/Src/stm32g0xx_hal_uart.o
                0x0000000008004f64                UARTPrescTable
 .rodata.numerator.1
                0x0000000008004f7c        0x8 ./Drivers/STM32G0xx_HAL_Driver/Src/stm32g0xx_hal_uart_ex.o
 .rodata.denominator.0
                0x0000000008004f84        0x8 ./Drivers/STM32G0xx_HAL_Driver/Src/stm32g0xx_hal_uart_ex.o
                0x0000000008004f8c                . = ALIGN (0x4)

.rel.dyn        0x0000000008004f8c        0x0
 .rel.iplt      0x0000000008004f8c        0x0 c:/st/stm32cubeide_1.11.0/stm32cubeide/plugins/com.st.stm32cube.ide.mcu.externaltools.gnu-tools-for-stm32.10.3-2021.10.win32_1.0.200.202301161003/tools/bin/../lib/gcc/arm-none-eabi/10.3.1/thumb/v6-m/nofp/crtbegin.o

.ARM.extab      0x0000000008004f8c        0x0
                0x0000000008004f8c                . = ALIGN (0x4)
 *(.ARM.extab* .gnu.linkonce.armextab.*)
                0x0000000008004f8c                . = ALIGN (0x4)

.ARM            0x0000000008004f8c        0x0
                0x0000000008004f8c                . = ALIGN (0x4)
                0x0000000008004f8c                __exidx_start = .
 *(.ARM.exidx*)
                0x0000000008004f8c                __exidx_end = .
                0x0000000008004f8c                . = ALIGN (0x4)

.preinit_array  0x0000000008004f8c        0x0
                0x0000000008004f8c                . = ALIGN (0x4)
                0x0000000008004f8c                PROVIDE (__preinit_array_start = .)
 *(.preinit_array*)
                0x0000000008004f8c                PROVIDE (__preinit_array_end = .)
                0x0000000008004f8c                . = ALIGN (0x4)

.init_array     0x0000000008004f8c        0x4
                0x0000000008004f8c                . = ALIGN (0x4)
                0x0000000008004f8c                PROVIDE (__init_array_start = .)
 *(SORT_BY_NAME(.init_array.*))
 *(.init_array*)
 .init_array    0x0000000008004f8c        0x4 c:/st/stm32cubeide_1.11.0/stm32cubeide/plugins/com.st.stm32cube.ide.mcu.externaltools.gnu-tools-for-stm32.10.3-2021.10.win32_1.0.200.202301161003/tools/bin/../lib/gcc/arm-none-eabi/10.3.1/thumb/v6-m/nofp/crtbegin.o
                0x0000000008004f90                PROVIDE (__init_array_end = .)
                0x0000000008004f90                . = ALIGN (0x4)

.fini_array     0x0000000008004f90        0x4
                0x0000000008004f90                . = ALIGN (0x4)
                [!provide]                        PROVIDE (__fini_array_start = .)
 *(SORT_BY_NAME(.fini_array.*))
 *(.fini_array*)
 .fini_array    0x0000000008004f90        0x4 c:/st/stm32cubeide_1.11.0/stm32cubeide/plugins/com.st.stm32cube.ide.mcu.externaltools.gnu-tools-for-stm32.10.3-2021.10.win32_1.0.200.202301161003/tools/bin/../lib/gcc/arm-none-eabi/10.3.1/thumb/v6-m/nofp/crtbegin.o
                [!provide]                        PROVIDE (__fini_array_end = .)
                0x0000000008004f94                . = ALIGN (0x4)
                0x0000000008004f94                _sidata = LOADADDR (.data)

.data           0x0000000020000000        0xc load address 0x0000000008004f94
                0x0000000020000000                . = ALIGN (0x4)
                0x0000000020000000                _sdata = .
 *(.data)
 *(.data*)
 .data.SystemCoreClock
                0x0000000020000000        0x4 ./Core/Src/system_stm32g0xx.o
                0x0000000020000000                SystemCoreClock
 .data.uwTickPrio
                0x0000000020000004        0x4 ./Drivers/STM32G0xx_HAL_Driver/Src/stm32g0xx_hal.o
                0x0000000020000004                uwTickPrio
 .data.uwTickFreq
                0x0000000020000008        0x1 ./Drivers/STM32G0xx_HAL_Driver/Src/stm32g0xx_hal.o
                0x0000000020000008                uwTickFreq
 *(.RamFunc)
 *(.RamFunc*)
                0x000000002000000c                . = ALIGN (0x4)
 *fill*         0x0000000020000009        0x3 
                0x000000002000000c                _edata = .

.igot.plt       0x000000002000000c        0x0 load address 0x0000000008004fa0
 .igot.plt      0x000000002000000c        0x0 c:/st/stm32cubeide_1.11.0/stm32cubeide/plugins/com.st.stm32cube.ide.mcu.externaltools.gnu-tools-for-stm32.10.3-2021.10.win32_1.0.200.202301161003/tools/bin/../lib/gcc/arm-none-eabi/10.3.1/thumb/v6-m/nofp/crtbegin.o
                0x000000002000000c                . = ALIGN (0x4)

.bss            0x000000002000000c      0x16c load address 0x0000000008004fa0
                0x000000002000000c                _sbss = .
                0x000000002000000c                __bss_start__ = _sbss
 *(.bss)
 .bss           0x000000002000000c       0x1c c:/st/stm32cubeide_1.11.0/stm32cubeide/plugins/com.st.stm32cube.ide.mcu.externaltools.gnu-tools-for-stm32.10.3-2021.10.win32_1.0.200.202301161003/tools/bin/../lib/gcc/arm-none-eabi/10.3.1/thumb/v6-m/nofp/crtbegin.o
 *(.bss*)
 .bss.eqGain    0x0000000020000028        0x1 ./Core/Src/Drivers/equalizer.o
                0x0000000020000028                eqGain
 *fill*         0x0000000020000029        0x3 
 .bss.buttons   0x000000002000002c        0x3 ./Core/Src/gpio.o
                0x000000002000002c                buttons
 *fill*         0x000000002000002f        0x1 
 .bss.hi2c1     0x0000000020000030       0x54 ./Core/Src/i2c.o
                0x0000000020000030                hi2c1
 .bss.huart1    0x0000000020000084       0x94 ./Core/Src/usart.o
                0x0000000020000084                huart1
 .bss.hdma_usart1_rx
                0x0000000020000118       0x5c ./Core/Src/usart.o
                0x0000000020000118                hdma_usart1_rx
 .bss.uwTick    0x0000000020000174        0x4 ./Drivers/STM32G0xx_HAL_Driver/Src/stm32g0xx_hal.o
                0x0000000020000174                uwTick
 *(COMMON)
                0x0000000020000178                . = ALIGN (0x4)
                0x0000000020000178                _ebss = .
                0x0000000020000178                __bss_end__ = _ebss

._user_heap_stack
                0x0000000020000178      0x600 load address 0x0000000008004fa0
                0x0000000020000178                . = ALIGN (0x8)
                [!provide]                        PROVIDE (end = .)
                0x0000000020000178                PROVIDE (_end = .)
                0x0000000020000378                . = (. + _Min_Heap_Size)
 *fill*         0x0000000020000178      0x200 
                0x0000000020000778                . = (. + _Min_Stack_Size)
 *fill*         0x0000000020000378      0x400 
                0x0000000020000778                . = ALIGN (0x8)

/DISCARD/
 libc.a(*)
 libm.a(*)
 libgcc.a(*)

.ARM.attributes
                0x0000000000000000       0x28
 *(.ARM.attributes)
 .ARM.attributes
                0x0000000000000000       0x1e c:/st/stm32cubeide_1.11.0/stm32cubeide/plugins/com.st.stm32cube.ide.mcu.externaltools.gnu-tools-for-stm32.10.3-2021.10.win32_1.0.200.202301161003/tools/bin/../lib/gcc/arm-none-eabi/10.3.1/thumb/v6-m/nofp/crti.o
 .ARM.attributes
                0x000000000000001e       0x2c c:/st/stm32cubeide_1.11.0/stm32cubeide/plugins/com.st.stm32cube.ide.mcu.externaltools.gnu-tools-for-stm32.10.3-2021.10.win32_1.0.200.202301161003/tools/bin/../lib/gcc/arm-none-eabi/10.3.1/thumb/v6-m/nofp/crtbegin.o
 .ARM.attributes
                0x000000000000004a       0x2c ./Core/Src/Drivers/dp_switch.o
 .ARM.attributes
                0x0000000000000076       0x2c ./Core/Src/Drivers/equalizer.o
 .ARM.attributes
                0x00000000000000a2       0x2c ./Core/Src/dma.o
 .ARM.attributes
                0x00000000000000ce       0x2c ./Core/Src/gpio.o
 .ARM.attributes
                0x00000000000000fa       0x2c ./Core/Src/i2c.o
 .ARM.attributes
                0x0000000000000126       0x2c ./Core/Src/main.o
 .ARM.attributes
                0x0000000000000152       0x2c ./Core/Src/stm32g0xx_hal_msp.o
 .ARM.attributes
                0x000000000000017e       0x2c ./Core/Src/stm32g0xx_it.o
 .ARM.attributes
                0x00000000000001aa       0x2c ./Core/Src/system_stm32g0xx.o
 .ARM.attributes
                0x00000000000001d6       0x2c ./Core/Src/usart.o
 .ARM.attributes
                0x0000000000000202       0x22 ./Core/Startup/startup_stm32g030k6tx.o
 .ARM.attributes
                0x0000000000000224       0x2c ./Drivers/STM32G0xx_HAL_Driver/Src/stm32g0xx_hal.o
 .ARM.attributes
                0x0000000000000250       0x2c ./Drivers/STM32G0xx_HAL_Driver/Src/stm32g0xx_hal_cortex.o
 .ARM.attributes
                0x000000000000027c       0x2c ./Drivers/STM32G0xx_HAL_Driver/Src/stm32g0xx_hal_dma.o
 .ARM.attributes
                0x00000000000002a8       0x2c ./Drivers/STM32G0xx_HAL_Driver/Src/stm32g0xx_hal_gpio.o
 .ARM.attributes
                0x00000000000002d4       0x2c ./Drivers/STM32G0xx_HAL_Driver/Src/stm32g0xx_hal_i2c.o
 .ARM.attributes
                0x0000000000000300       0x2c ./Drivers/STM32G0xx_HAL_Driver/Src/stm32g0xx_hal_i2c_ex.o
 .ARM.attributes
                0x000000000000032c       0x2c ./Drivers/STM32G0xx_HAL_Driver/Src/stm32g0xx_hal_pwr_ex.o
 .ARM.attributes
                0x0000000000000358       0x2c ./Drivers/STM32G0xx_HAL_Driver/Src/stm32g0xx_hal_rcc.o
 .ARM.attributes
                0x0000000000000384       0x2c ./Drivers/STM32G0xx_HAL_Driver/Src/stm32g0xx_hal_rcc_ex.o
 .ARM.attributes
                0x00000000000003b0       0x2c ./Drivers/STM32G0xx_HAL_Driver/Src/stm32g0xx_hal_uart.o
 .ARM.attributes
                0x00000000000003dc       0x2c ./Drivers/STM32G0xx_HAL_Driver/Src/stm32g0xx_hal_uart_ex.o
 .ARM.attributes
                0x0000000000000408       0x2c c:/st/stm32cubeide_1.11.0/stm32cubeide/plugins/com.st.stm32cube.ide.mcu.externaltools.gnu-tools-for-stm32.10.3-2021.10.win32_1.0.200.202301161003/tools/bin/../lib/gcc/arm-none-eabi/10.3.1/../../../../arm-none-eabi/lib/thumb/v6-m/nofp\libc_nano.a(lib_a-init.o)
 .ARM.attributes
                0x0000000000000434       0x2c c:/st/stm32cubeide_1.11.0/stm32cubeide/plugins/com.st.stm32cube.ide.mcu.externaltools.gnu-tools-for-stm32.10.3-2021.10.win32_1.0.200.202301161003/tools/bin/../lib/gcc/arm-none-eabi/10.3.1/../../../../arm-none-eabi/lib/thumb/v6-m/nofp\libc_nano.a(lib_a-memset.o)
 .ARM.attributes
                0x0000000000000460       0x1e c:/st/stm32cubeide_1.11.0/stm32cubeide/plugins/com.st.stm32cube.ide.mcu.externaltools.gnu-tools-for-stm32.10.3-2021.10.win32_1.0.200.202301161003/tools/bin/../lib/gcc/arm-none-eabi/10.3.1/thumb/v6-m/nofp\libgcc.a(_udivsi3.o)
 .ARM.attributes
                0x000000000000047e       0x1e c:/st/stm32cubeide_1.11.0/stm32cubeide/plugins/com.st.stm32cube.ide.mcu.externaltools.gnu-tools-for-stm32.10.3-2021.10.win32_1.0.200.202301161003/tools/bin/../lib/gcc/arm-none-eabi/10.3.1/thumb/v6-m/nofp\libgcc.a(_divsi3.o)
 .ARM.attributes
                0x000000000000049c       0x1e c:/st/stm32cubeide_1.11.0/stm32cubeide/plugins/com.st.stm32cube.ide.mcu.externaltools.gnu-tools-for-stm32.10.3-2021.10.win32_1.0.200.202301161003/tools/bin/../lib/gcc/arm-none-eabi/10.3.1/thumb/v6-m/nofp\libgcc.a(_dvmd_tls.o)
 .ARM.attributes
                0x00000000000004ba       0x1e c:/st/stm32cubeide_1.11.0/stm32cubeide/plugins/com.st.stm32cube.ide.mcu.externaltools.gnu-tools-for-stm32.10.3-2021.10.win32_1.0.200.202301161003/tools/bin/../lib/gcc/arm-none-eabi/10.3.1/thumb/v6-m/nofp/crtn.o
OUTPUT(DisplayPort.elf elf32-littlearm)
LOAD linker stubs
LOAD c:/st/stm32cubeide_1.11.0/stm32cubeide/plugins/com.st.stm32cube.ide.mcu.externaltools.gnu-tools-for-stm32.10.3-2021.10.win32_1.0.200.202301161003/tools/bin/../lib/gcc/arm-none-eabi/10.3.1/../../../../arm-none-eabi/lib/thumb/v6-m/nofp\libc.a
LOAD c:/st/stm32cubeide_1.11.0/stm32cubeide/plugins/com.st.stm32cube.ide.mcu.externaltools.gnu-tools-for-stm32.10.3-2021.10.win32_1.0.200.202301161003/tools/bin/../lib/gcc/arm-none-eabi/10.3.1/../../../../arm-none-eabi/lib/thumb/v6-m/nofp\libm.a
LOAD c:/st/stm32cubeide_1.11.0/stm32cubeide/plugins/com.st.stm32cube.ide.mcu.externaltools.gnu-tools-for-stm32.10.3-2021.10.win32_1.0.200.202301161003/tools/bin/../lib/gcc/arm-none-eabi/10.3.1/thumb/v6-m/nofp\libgcc.a

.debug_info     0x0000000000000000     0xff60
 .debug_info    0x0000000000000000      0x12d ./Core/Src/Drivers/dp_switch.o
 .debug_info    0x000000000000012d      0x223 ./Core/Src/Drivers/equalizer.o
 .debug_info    0x0000000000000350      0x36a ./Core/Src/dma.o
 .debug_info    0x00000000000006ba      0x655 ./Core/Src/gpio.o
 .debug_info    0x0000000000000d0f      0xd8d ./Core/Src/i2c.o
 .debug_info    0x0000000000001a9c      0x49f ./Core/Src/main.o
 .debug_info    0x0000000000001f3b      0x296 ./Core/Src/stm32g0xx_hal_msp.o
 .debug_info    0x00000000000021d1      0xbeb ./Core/Src/stm32g0xx_it.o
 .debug_info    0x0000000000002dbc      0x34d ./Core/Src/system_stm32g0xx.o
 .debug_info    0x0000000000003109      0xdaf ./Core/Src/usart.o
 .debug_info    0x0000000000003eb8       0x22 ./Core/Startup/startup_stm32g030k6tx.o
 .debug_info    0x0000000000003eda      0x94e ./Drivers/STM32G0xx_HAL_Driver/Src/stm32g0xx_hal.o
 .debug_info    0x0000000000004828      0x8dd ./Drivers/STM32G0xx_HAL_Driver/Src/stm32g0xx_hal_cortex.o
 .debug_info    0x0000000000005105      0x8c8 ./Drivers/STM32G0xx_HAL_Driver/Src/stm32g0xx_hal_dma.o
 .debug_info    0x00000000000059cd      0x5d7 ./Drivers/STM32G0xx_HAL_Driver/Src/stm32g0xx_hal_gpio.o
 .debug_info    0x0000000000005fa4     0x235d ./Drivers/STM32G0xx_HAL_Driver/Src/stm32g0xx_hal_i2c.o
 .debug_info    0x0000000000008301      0xa7f ./Drivers/STM32G0xx_HAL_Driver/Src/stm32g0xx_hal_i2c_ex.o
 .debug_info    0x0000000000008d80      0x4e8 ./Drivers/STM32G0xx_HAL_Driver/Src/stm32g0xx_hal_pwr_ex.o
 .debug_info    0x0000000000009268      0xb18 ./Drivers/STM32G0xx_HAL_Driver/Src/stm32g0xx_hal_rcc.o
 .debug_info    0x0000000000009d80      0x7d0 ./Drivers/STM32G0xx_HAL_Driver/Src/stm32g0xx_hal_rcc_ex.o
 .debug_info    0x000000000000a550     0x49de ./Drivers/STM32G0xx_HAL_Driver/Src/stm32g0xx_hal_uart.o
 .debug_info    0x000000000000ef2e     0x1032 ./Drivers/STM32G0xx_HAL_Driver/Src/stm32g0xx_hal_uart_ex.o

.debug_abbrev   0x0000000000000000     0x2951
 .debug_abbrev  0x0000000000000000       0xd4 ./Core/Src/Drivers/dp_switch.o
 .debug_abbrev  0x00000000000000d4      0x11a ./Core/Src/Drivers/equalizer.o
 .debug_abbrev  0x00000000000001ee      0x111 ./Core/Src/dma.o
 .debug_abbrev  0x00000000000002ff      0x234 ./Core/Src/gpio.o
 .debug_abbrev  0x0000000000000533      0x256 ./Core/Src/i2c.o
 .debug_abbrev  0x0000000000000789      0x220 ./Core/Src/main.o
 .debug_abbrev  0x00000000000009a9       0xdb ./Core/Src/stm32g0xx_hal_msp.o
 .debug_abbrev  0x0000000000000a84      0x1a5 ./Core/Src/stm32g0xx_it.o
 .debug_abbrev  0x0000000000000c29      0x116 ./Core/Src/system_stm32g0xx.o
 .debug_abbrev  0x0000000000000d3f      0x25c ./Core/Src/usart.o
 .debug_abbrev  0x0000000000000f9b       0x12 ./Core/Startup/startup_stm32g030k6tx.o
 .debug_abbrev  0x0000000000000fad      0x2a9 ./Drivers/STM32G0xx_HAL_Driver/Src/stm32g0xx_hal.o
 .debug_abbrev  0x0000000000001256      0x29f ./Drivers/STM32G0xx_HAL_Driver/Src/stm32g0xx_hal_cortex.o
 .debug_abbrev  0x00000000000014f5      0x1db ./Drivers/STM32G0xx_HAL_Driver/Src/stm32g0xx_hal_dma.o
 .debug_abbrev  0x00000000000016d0      0x1b9 ./Drivers/STM32G0xx_HAL_Driver/Src/stm32g0xx_hal_gpio.o
 .debug_abbrev  0x0000000000001889      0x27e ./Drivers/STM32G0xx_HAL_Driver/Src/stm32g0xx_hal_i2c.o
 .debug_abbrev  0x0000000000001b07      0x1d7 ./Drivers/STM32G0xx_HAL_Driver/Src/stm32g0xx_hal_i2c_ex.o
 .debug_abbrev  0x0000000000001cde      0x1d1 ./Drivers/STM32G0xx_HAL_Driver/Src/stm32g0xx_hal_pwr_ex.o
 .debug_abbrev  0x0000000000001eaf      0x2a3 ./Drivers/STM32G0xx_HAL_Driver/Src/stm32g0xx_hal_rcc.o
 .debug_abbrev  0x0000000000002152      0x21a ./Drivers/STM32G0xx_HAL_Driver/Src/stm32g0xx_hal_rcc_ex.o
 .debug_abbrev  0x000000000000236c      0x310 ./Drivers/STM32G0xx_HAL_Driver/Src/stm32g0xx_hal_uart.o
 .debug_abbrev  0x000000000000267c      0x2d5 ./Drivers/STM32G0xx_HAL_Driver/Src/stm32g0xx_hal_uart_ex.o

.debug_aranges  0x0000000000000000      0xc48
 .debug_aranges
                0x0000000000000000       0x20 ./Core/Src/Drivers/dp_switch.o
 .debug_aranges
                0x0000000000000020       0x28 ./Core/Src/Drivers/equalizer.o
 .debug_aranges
                0x0000000000000048       0x20 ./Core/Src/dma.o
 .debug_aranges
                0x0000000000000068       0x48 ./Core/Src/gpio.o
 .debug_aranges
                0x00000000000000b0       0x40 ./Core/Src/i2c.o
 .debug_aranges
                0x00000000000000f0       0x30 ./Core/Src/main.o
 .debug_aranges
                0x0000000000000120       0x20 ./Core/Src/stm32g0xx_hal_msp.o
 .debug_aranges
                0x0000000000000140       0x68 ./Core/Src/stm32g0xx_it.o
 .debug_aranges
                0x00000000000001a8       0x28 ./Core/Src/system_stm32g0xx.o
 .debug_aranges
                0x00000000000001d0       0x38 ./Core/Src/usart.o
 .debug_aranges
                0x0000000000000208       0x28 ./Core/Startup/startup_stm32g030k6tx.o
 .debug_aranges
                0x0000000000000230      0x100 ./Drivers/STM32G0xx_HAL_Driver/Src/stm32g0xx_hal.o
 .debug_aranges
                0x0000000000000330       0xd8 ./Drivers/STM32G0xx_HAL_Driver/Src/stm32g0xx_hal_cortex.o
 .debug_aranges
                0x0000000000000408       0x90 ./Drivers/STM32G0xx_HAL_Driver/Src/stm32g0xx_hal_dma.o
 .debug_aranges
                0x0000000000000498       0x60 ./Drivers/STM32G0xx_HAL_Driver/Src/stm32g0xx_hal_gpio.o
 .debug_aranges
                0x00000000000004f8      0x2a0 ./Drivers/STM32G0xx_HAL_Driver/Src/stm32g0xx_hal_i2c.o
 .debug_aranges
                0x0000000000000798       0x48 ./Drivers/STM32G0xx_HAL_Driver/Src/stm32g0xx_hal_i2c_ex.o
 .debug_aranges
                0x00000000000007e0       0x98 ./Drivers/STM32G0xx_HAL_Driver/Src/stm32g0xx_hal_pwr_ex.o
 .debug_aranges
                0x0000000000000878       0xa0 ./Drivers/STM32G0xx_HAL_Driver/Src/stm32g0xx_hal_rcc.o
 .debug_aranges
                0x0000000000000918       0x40 ./Drivers/STM32G0xx_HAL_Driver/Src/stm32g0xx_hal_rcc_ex.o
 .debug_aranges
                0x0000000000000958      0x248 ./Drivers/STM32G0xx_HAL_Driver/Src/stm32g0xx_hal_uart.o
 .debug_aranges
                0x0000000000000ba0       0xa8 ./Drivers/STM32G0xx_HAL_Driver/Src/stm32g0xx_hal_uart_ex.o

.debug_ranges   0x0000000000000000      0xb20
 .debug_ranges  0x0000000000000000       0x10 ./Core/Src/Drivers/dp_switch.o
 .debug_ranges  0x0000000000000010       0x18 ./Core/Src/Drivers/equalizer.o
 .debug_ranges  0x0000000000000028       0x10 ./Core/Src/dma.o
 .debug_ranges  0x0000000000000038       0x38 ./Core/Src/gpio.o
 .debug_ranges  0x0000000000000070       0x30 ./Core/Src/i2c.o
 .debug_ranges  0x00000000000000a0       0x20 ./Core/Src/main.o
 .debug_ranges  0x00000000000000c0       0x10 ./Core/Src/stm32g0xx_hal_msp.o
 .debug_ranges  0x00000000000000d0       0x58 ./Core/Src/stm32g0xx_it.o
 .debug_ranges  0x0000000000000128       0x18 ./Core/Src/system_stm32g0xx.o
 .debug_ranges  0x0000000000000140       0x28 ./Core/Src/usart.o
 .debug_ranges  0x0000000000000168       0x20 ./Core/Startup/startup_stm32g030k6tx.o
 .debug_ranges  0x0000000000000188       0xf0 ./Drivers/STM32G0xx_HAL_Driver/Src/stm32g0xx_hal.o
 .debug_ranges  0x0000000000000278       0xc8 ./Drivers/STM32G0xx_HAL_Driver/Src/stm32g0xx_hal_cortex.o
 .debug_ranges  0x0000000000000340       0x80 ./Drivers/STM32G0xx_HAL_Driver/Src/stm32g0xx_hal_dma.o
 .debug_ranges  0x00000000000003c0       0x50 ./Drivers/STM32G0xx_HAL_Driver/Src/stm32g0xx_hal_gpio.o
 .debug_ranges  0x0000000000000410      0x290 ./Drivers/STM32G0xx_HAL_Driver/Src/stm32g0xx_hal_i2c.o
 .debug_ranges  0x00000000000006a0       0x38 ./Drivers/STM32G0xx_HAL_Driver/Src/stm32g0xx_hal_i2c_ex.o
 .debug_ranges  0x00000000000006d8       0x88 ./Drivers/STM32G0xx_HAL_Driver/Src/stm32g0xx_hal_pwr_ex.o
 .debug_ranges  0x0000000000000760       0x90 ./Drivers/STM32G0xx_HAL_Driver/Src/stm32g0xx_hal_rcc.o
 .debug_ranges  0x00000000000007f0       0x30 ./Drivers/STM32G0xx_HAL_Driver/Src/stm32g0xx_hal_rcc_ex.o
 .debug_ranges  0x0000000000000820      0x268 ./Drivers/STM32G0xx_HAL_Driver/Src/stm32g0xx_hal_uart.o
 .debug_ranges  0x0000000000000a88       0x98 ./Drivers/STM32G0xx_HAL_Driver/Src/stm32g0xx_hal_uart_ex.o

.debug_macro    0x0000000000000000    0x16221
 .debug_macro   0x0000000000000000      0x363 ./Core/Src/Drivers/dp_switch.o
 .debug_macro   0x0000000000000363      0xa4e ./Core/Src/Drivers/dp_switch.o
 .debug_macro   0x0000000000000db1       0x22 ./Core/Src/Drivers/dp_switch.o
 .debug_macro   0x0000000000000dd3       0x4c ./Core/Src/Drivers/dp_switch.o
 .debug_macro   0x0000000000000e1f       0x18 ./Core/Src/Drivers/dp_switch.o
 .debug_macro   0x0000000000000e37       0x94 ./Core/Src/Drivers/dp_switch.o
 .debug_macro   0x0000000000000ecb       0x3c ./Core/Src/Drivers/dp_switch.o
 .debug_macro   0x0000000000000f07       0x34 ./Core/Src/Drivers/dp_switch.o
 .debug_macro   0x0000000000000f3b       0x16 ./Core/Src/Drivers/dp_switch.o
 .debug_macro   0x0000000000000f51       0x57 ./Core/Src/Drivers/dp_switch.o
 .debug_macro   0x0000000000000fa8       0x97 ./Core/Src/Drivers/dp_switch.o
 .debug_macro   0x000000000000103f      0x341 ./Core/Src/Drivers/dp_switch.o
 .debug_macro   0x0000000000001380       0xfd ./Core/Src/Drivers/dp_switch.o
 .debug_macro   0x000000000000147d       0x10 ./Core/Src/Drivers/dp_switch.o
 .debug_macro   0x000000000000148d       0x16 ./Core/Src/Drivers/dp_switch.o
 .debug_macro   0x00000000000014a3       0x43 ./Core/Src/Drivers/dp_switch.o
 .debug_macro   0x00000000000014e6       0x34 ./Core/Src/Drivers/dp_switch.o
 .debug_macro   0x000000000000151a       0x10 ./Core/Src/Drivers/dp_switch.o
 .debug_macro   0x000000000000152a       0x58 ./Core/Src/Drivers/dp_switch.o
 .debug_macro   0x0000000000001582       0x71 ./Core/Src/Drivers/dp_switch.o
 .debug_macro   0x00000000000015f3       0x1c ./Core/Src/Drivers/dp_switch.o
 .debug_macro   0x000000000000160f      0x12a ./Core/Src/Drivers/dp_switch.o
 .debug_macro   0x0000000000001739       0x10 ./Core/Src/Drivers/dp_switch.o
 .debug_macro   0x0000000000001749       0x6a ./Core/Src/Drivers/dp_switch.o
 .debug_macro   0x00000000000017b3       0x1c ./Core/Src/Drivers/dp_switch.o
 .debug_macro   0x00000000000017cf       0x52 ./Core/Src/Drivers/dp_switch.o
 .debug_macro   0x0000000000001821       0x22 ./Core/Src/Drivers/dp_switch.o
 .debug_macro   0x0000000000001843       0x10 ./Core/Src/Drivers/dp_switch.o
 .debug_macro   0x0000000000001853       0x52 ./Core/Src/Drivers/dp_switch.o
 .debug_macro   0x00000000000018a5       0xd5 ./Core/Src/Drivers/dp_switch.o
 .debug_macro   0x000000000000197a       0x1c ./Core/Src/Drivers/dp_switch.o
 .debug_macro   0x0000000000001996       0x3d ./Core/Src/Drivers/dp_switch.o
 .debug_macro   0x00000000000019d3       0x16 ./Core/Src/Drivers/dp_switch.o
 .debug_macro   0x00000000000019e9      0x145 ./Core/Src/Drivers/dp_switch.o
 .debug_macro   0x0000000000001b2e       0x22 ./Core/Src/Drivers/dp_switch.o
 .debug_macro   0x0000000000001b50      0x11d ./Core/Src/Drivers/dp_switch.o
 .debug_macro   0x0000000000001c6d       0x2e ./Core/Src/Drivers/dp_switch.o
 .debug_macro   0x0000000000001c9b       0x28 ./Core/Src/Drivers/dp_switch.o
 .debug_macro   0x0000000000001cc3      0x103 ./Core/Src/Drivers/dp_switch.o
 .debug_macro   0x0000000000001dc6      0x1df ./Core/Src/Drivers/dp_switch.o
 .debug_macro   0x0000000000001fa5       0x1c ./Core/Src/Drivers/dp_switch.o
 .debug_macro   0x0000000000001fc1       0x22 ./Core/Src/Drivers/dp_switch.o
 .debug_macro   0x0000000000001fe3       0xd1 ./Core/Src/Drivers/dp_switch.o
 .debug_macro   0x00000000000020b4      0x4da ./Core/Src/Drivers/dp_switch.o
 .debug_macro   0x000000000000258e      0x11f ./Core/Src/Drivers/dp_switch.o
 .debug_macro   0x00000000000026ad     0xa0c5 ./Core/Src/Drivers/dp_switch.o
 .debug_macro   0x000000000000c772       0x66 ./Core/Src/Drivers/dp_switch.o
 .debug_macro   0x000000000000c7d8     0x34fd ./Core/Src/Drivers/dp_switch.o
 .debug_macro   0x000000000000fcd5       0x56 ./Core/Src/Drivers/dp_switch.o
 .debug_macro   0x000000000000fd2b      0x485 ./Core/Src/Drivers/dp_switch.o
 .debug_macro   0x00000000000101b0      0xdcd ./Core/Src/Drivers/dp_switch.o
 .debug_macro   0x0000000000010f7d      0x106 ./Core/Src/Drivers/dp_switch.o
 .debug_macro   0x0000000000011083      0x1cf ./Core/Src/Drivers/dp_switch.o
 .debug_macro   0x0000000000011252       0xff ./Core/Src/Drivers/dp_switch.o
 .debug_macro   0x0000000000011351      0x33c ./Core/Src/Drivers/dp_switch.o
 .debug_macro   0x000000000001168d      0x202 ./Core/Src/Drivers/dp_switch.o
 .debug_macro   0x000000000001188f      0x2c7 ./Core/Src/Drivers/dp_switch.o
 .debug_macro   0x0000000000011b56      0x198 ./Core/Src/Drivers/dp_switch.o
 .debug_macro   0x0000000000011cee       0x43 ./Core/Src/Drivers/dp_switch.o
 .debug_macro   0x0000000000011d31      0x1f1 ./Core/Src/Drivers/dp_switch.o
 .debug_macro   0x0000000000011f22      0x1d6 ./Core/Src/Drivers/dp_switch.o
 .debug_macro   0x00000000000120f8      0x2a3 ./Core/Src/Drivers/dp_switch.o
 .debug_macro   0x000000000001239b       0x28 ./Core/Src/Drivers/dp_switch.o
 .debug_macro   0x00000000000123c3       0xcf ./Core/Src/Drivers/dp_switch.o
 .debug_macro   0x0000000000012492      0x22c ./Core/Src/Drivers/dp_switch.o
 .debug_macro   0x00000000000126be       0x67 ./Core/Src/Drivers/dp_switch.o
 .debug_macro   0x0000000000012725       0xa5 ./Core/Src/Drivers/dp_switch.o
 .debug_macro   0x00000000000127ca       0xff ./Core/Src/Drivers/dp_switch.o
 .debug_macro   0x00000000000128c9      0x10d ./Core/Src/Drivers/dp_switch.o
 .debug_macro   0x00000000000129d6      0x693 ./Core/Src/Drivers/dp_switch.o
 .debug_macro   0x0000000000013069       0xa6 ./Core/Src/Drivers/dp_switch.o
 .debug_macro   0x000000000001310f      0x412 ./Core/Src/Drivers/dp_switch.o
 .debug_macro   0x0000000000013521       0x5e ./Core/Src/Drivers/dp_switch.o
 .debug_macro   0x000000000001357f      0x35f ./Core/Src/Drivers/equalizer.o
 .debug_macro   0x00000000000138de       0x34 ./Core/Src/Drivers/equalizer.o
 .debug_macro   0x0000000000013912      0x1fd ./Core/Src/dma.o
 .debug_macro   0x0000000000013b0f       0x8e ./Core/Src/dma.o
 .debug_macro   0x0000000000013b9d       0x51 ./Core/Src/dma.o
 .debug_macro   0x0000000000013bee      0x174 ./Core/Src/dma.o
 .debug_macro   0x0000000000013d62       0x5c ./Core/Src/dma.o
 .debug_macro   0x0000000000013dbe      0x206 ./Core/Src/gpio.o
 .debug_macro   0x0000000000013fc4      0x1fd ./Core/Src/i2c.o
 .debug_macro   0x00000000000141c1      0x235 ./Core/Src/main.o
 .debug_macro   0x00000000000143f6      0x1f3 ./Core/Src/stm32g0xx_hal_msp.o
 .debug_macro   0x00000000000145e9      0x1fd ./Core/Src/stm32g0xx_it.o
 .debug_macro   0x00000000000147e6      0x1e4 ./Core/Src/system_stm32g0xx.o
 .debug_macro   0x00000000000149ca      0x1fd ./Core/Src/usart.o
 .debug_macro   0x0000000000014bc7      0x202 ./Drivers/STM32G0xx_HAL_Driver/Src/stm32g0xx_hal.o
 .debug_macro   0x0000000000014dc9      0x1e4 ./Drivers/STM32G0xx_HAL_Driver/Src/stm32g0xx_hal_cortex.o
 .debug_macro   0x0000000000014fad      0x1e4 ./Drivers/STM32G0xx_HAL_Driver/Src/stm32g0xx_hal_dma.o
 .debug_macro   0x0000000000015191      0x1eb ./Drivers/STM32G0xx_HAL_Driver/Src/stm32g0xx_hal_gpio.o
 .debug_macro   0x000000000001537c      0x2b0 ./Drivers/STM32G0xx_HAL_Driver/Src/stm32g0xx_hal_i2c.o
 .debug_macro   0x000000000001562c      0x1e4 ./Drivers/STM32G0xx_HAL_Driver/Src/stm32g0xx_hal_i2c_ex.o
 .debug_macro   0x0000000000015810      0x1f6 ./Drivers/STM32G0xx_HAL_Driver/Src/stm32g0xx_hal_pwr_ex.o
 .debug_macro   0x0000000000015a06      0x220 ./Drivers/STM32G0xx_HAL_Driver/Src/stm32g0xx_hal_rcc.o
 .debug_macro   0x0000000000015c26      0x1fc ./Drivers/STM32G0xx_HAL_Driver/Src/stm32g0xx_hal_rcc_ex.o
 .debug_macro   0x0000000000015e22      0x20f ./Drivers/STM32G0xx_HAL_Driver/Src/stm32g0xx_hal_uart.o
 .debug_macro   0x0000000000016031      0x1f0 ./Drivers/STM32G0xx_HAL_Driver/Src/stm32g0xx_hal_uart_ex.o

.debug_line     0x0000000000000000    0x121e9
 .debug_line    0x0000000000000000      0x928 ./Core/Src/Drivers/dp_switch.o
 .debug_line    0x0000000000000928      0x9b1 ./Core/Src/Drivers/equalizer.o
 .debug_line    0x00000000000012d9      0x702 ./Core/Src/dma.o
 .debug_line    0x00000000000019db      0x7eb ./Core/Src/gpio.o
 .debug_line    0x00000000000021c6      0x7df ./Core/Src/i2c.o
 .debug_line    0x00000000000029a5      0x808 ./Core/Src/main.o
 .debug_line    0x00000000000031ad      0x706 ./Core/Src/stm32g0xx_hal_msp.o
 .debug_line    0x00000000000038b3      0x7f6 ./Core/Src/stm32g0xx_it.o
 .debug_line    0x00000000000040a9      0x779 ./Core/Src/system_stm32g0xx.o
 .debug_line    0x0000000000004822      0x7e6 ./Core/Src/usart.o
 .debug_line    0x0000000000005008       0x89 ./Core/Startup/startup_stm32g030k6tx.o
 .debug_line    0x0000000000005091      0xa34 ./Drivers/STM32G0xx_HAL_Driver/Src/stm32g0xx_hal.o
 .debug_line    0x0000000000005ac5      0xb30 ./Drivers/STM32G0xx_HAL_Driver/Src/stm32g0xx_hal_cortex.o
 .debug_line    0x00000000000065f5      0xd50 ./Drivers/STM32G0xx_HAL_Driver/Src/stm32g0xx_hal_dma.o
 .debug_line    0x0000000000007345      0xb1c ./Drivers/STM32G0xx_HAL_Driver/Src/stm32g0xx_hal_gpio.o
 .debug_line    0x0000000000007e61     0x36c2 ./Drivers/STM32G0xx_HAL_Driver/Src/stm32g0xx_hal_i2c.o
 .debug_line    0x000000000000b523      0x924 ./Drivers/STM32G0xx_HAL_Driver/Src/stm32g0xx_hal_i2c_ex.o
 .debug_line    0x000000000000be47      0x94c ./Drivers/STM32G0xx_HAL_Driver/Src/stm32g0xx_hal_pwr_ex.o
 .debug_line    0x000000000000c793      0xec4 ./Drivers/STM32G0xx_HAL_Driver/Src/stm32g0xx_hal_rcc.o
 .debug_line    0x000000000000d657      0xa86 ./Drivers/STM32G0xx_HAL_Driver/Src/stm32g0xx_hal_rcc_ex.o
 .debug_line    0x000000000000e0dd     0x335e ./Drivers/STM32G0xx_HAL_Driver/Src/stm32g0xx_hal_uart.o
 .debug_line    0x000000000001143b      0xdae ./Drivers/STM32G0xx_HAL_Driver/Src/stm32g0xx_hal_uart_ex.o

.debug_str      0x0000000000000000    0x82ba4
 .debug_str     0x0000000000000000    0x7ecf5 ./Core/Src/Drivers/dp_switch.o
                                      0x7f1df (size before relaxing)
 .debug_str     0x000000000007ecf5      0x1d3 ./Core/Src/Drivers/equalizer.o
                                      0x7f30d (size before relaxing)
 .debug_str     0x000000000007eec8      0x27a ./Core/Src/dma.o
                                      0x7b69e (size before relaxing)
 .debug_str     0x000000000007f142      0x1b4 ./Core/Src/gpio.o
                                      0x7b8a4 (size before relaxing)
 .debug_str     0x000000000007f2f6      0x63b ./Core/Src/i2c.o
                                      0x7be85 (size before relaxing)
 .debug_str     0x000000000007f931      0x1af ./Core/Src/main.o
                                      0x7b858 (size before relaxing)
 .debug_str     0x000000000007fae0       0x2c ./Core/Src/stm32g0xx_hal_msp.o
                                      0x7b4f4 (size before relaxing)
 .debug_str     0x000000000007fb0c      0x395 ./Core/Src/stm32g0xx_it.o
                                      0x7bd83 (size before relaxing)
 .debug_str     0x000000000007fea1       0x8e ./Core/Src/system_stm32g0xx.o
                                      0x7b3d7 (size before relaxing)
 .debug_str     0x000000000007ff2f       0xe2 ./Core/Src/usart.o
                                      0x7be5c (size before relaxing)
 .debug_str     0x0000000000080011       0x36 ./Core/Startup/startup_stm32g030k6tx.o
                                         0x75 (size before relaxing)
 .debug_str     0x0000000000080047      0x47e ./Drivers/STM32G0xx_HAL_Driver/Src/stm32g0xx_hal.o
                                      0x7ba62 (size before relaxing)
 .debug_str     0x00000000000804c5      0x25f ./Drivers/STM32G0xx_HAL_Driver/Src/stm32g0xx_hal_cortex.o
                                      0x7b7f1 (size before relaxing)
 .debug_str     0x0000000000080724      0x288 ./Drivers/STM32G0xx_HAL_Driver/Src/stm32g0xx_hal_dma.o
                                      0x7b871 (size before relaxing)
 .debug_str     0x00000000000809ac       0xfc ./Drivers/STM32G0xx_HAL_Driver/Src/stm32g0xx_hal_gpio.o
                                      0x7b50c (size before relaxing)
 .debug_str     0x0000000000080aa8      0xd56 ./Drivers/STM32G0xx_HAL_Driver/Src/stm32g0xx_hal_i2c.o
                                      0x7c7a6 (size before relaxing)
 .debug_str     0x00000000000817fe       0xb8 ./Drivers/STM32G0xx_HAL_Driver/Src/stm32g0xx_hal_i2c_ex.o
                                      0x7ba40 (size before relaxing)
 .debug_str     0x00000000000818b6      0x221 ./Drivers/STM32G0xx_HAL_Driver/Src/stm32g0xx_hal_pwr_ex.o
                                      0x7b62b (size before relaxing)
 .debug_str     0x0000000000081ad7      0x345 ./Drivers/STM32G0xx_HAL_Driver/Src/stm32g0xx_hal_rcc.o
                                      0x7b9c8 (size before relaxing)
 .debug_str     0x0000000000081e1c      0x185 ./Drivers/STM32G0xx_HAL_Driver/Src/stm32g0xx_hal_rcc_ex.o
                                      0x7b713 (size before relaxing)
 .debug_str     0x0000000000081fa1      0x98f ./Drivers/STM32G0xx_HAL_Driver/Src/stm32g0xx_hal_uart.o
                                      0x7c3a2 (size before relaxing)
 .debug_str     0x0000000000082930      0x274 ./Drivers/STM32G0xx_HAL_Driver/Src/stm32g0xx_hal_uart_ex.o
                                      0x7bc61 (size before relaxing)

.comment        0x0000000000000000       0x50
 .comment       0x0000000000000000       0x50 ./Core/Src/Drivers/dp_switch.o
                                         0x51 (size before relaxing)
 .comment       0x0000000000000050       0x51 ./Core/Src/Drivers/equalizer.o
 .comment       0x0000000000000050       0x51 ./Core/Src/dma.o
 .comment       0x0000000000000050       0x51 ./Core/Src/gpio.o
 .comment       0x0000000000000050       0x51 ./Core/Src/i2c.o
 .comment       0x0000000000000050       0x51 ./Core/Src/main.o
 .comment       0x0000000000000050       0x51 ./Core/Src/stm32g0xx_hal_msp.o
 .comment       0x0000000000000050       0x51 ./Core/Src/stm32g0xx_it.o
 .comment       0x0000000000000050       0x51 ./Core/Src/system_stm32g0xx.o
 .comment       0x0000000000000050       0x51 ./Core/Src/usart.o
 .comment       0x0000000000000050       0x51 ./Drivers/STM32G0xx_HAL_Driver/Src/stm32g0xx_hal.o
 .comment       0x0000000000000050       0x51 ./Drivers/STM32G0xx_HAL_Driver/Src/stm32g0xx_hal_cortex.o
 .comment       0x0000000000000050       0x51 ./Drivers/STM32G0xx_HAL_Driver/Src/stm32g0xx_hal_dma.o
 .comment       0x0000000000000050       0x51 ./Drivers/STM32G0xx_HAL_Driver/Src/stm32g0xx_hal_gpio.o
 .comment       0x0000000000000050       0x51 ./Drivers/STM32G0xx_HAL_Driver/Src/stm32g0xx_hal_i2c.o
 .comment       0x0000000000000050       0x51 ./Drivers/STM32G0xx_HAL_Driver/Src/stm32g0xx_hal_i2c_ex.o
 .comment       0x0000000000000050       0x51 ./Drivers/STM32G0xx_HAL_Driver/Src/stm32g0xx_hal_pwr_ex.o
 .comment       0x0000000000000050       0x51 ./Drivers/STM32G0xx_HAL_Driver/Src/stm32g0xx_hal_rcc.o
 .comment       0x0000000000000050       0x51 ./Drivers/STM32G0xx_HAL_Driver/Src/stm32g0xx_hal_rcc_ex.o
 .comment       0x0000000000000050       0x51 ./Drivers/STM32G0xx_HAL_Driver/Src/stm32g0xx_hal_uart.o
 .comment       0x0000000000000050       0x51 ./Drivers/STM32G0xx_HAL_Driver/Src/stm32g0xx_hal_uart_ex.o

.debug_frame    0x0000000000000000     0x29ec
 .debug_frame   0x0000000000000000       0x30 ./Core/Src/Drivers/dp_switch.o
 .debug_frame   0x0000000000000030       0x50 ./Core/Src/Drivers/equalizer.o
 .debug_frame   0x0000000000000080       0x30 ./Core/Src/dma.o
 .debug_frame   0x00000000000000b0       0xc8 ./Core/Src/gpio.o
 .debug_frame   0x0000000000000178       0xb4 ./Core/Src/i2c.o
 .debug_frame   0x000000000000022c       0x6c ./Core/Src/main.o
 .debug_frame   0x0000000000000298       0x30 ./Core/Src/stm32g0xx_hal_msp.o
 .debug_frame   0x00000000000002c8      0x128 ./Core/Src/stm32g0xx_it.o
 .debug_frame   0x00000000000003f0       0x4c ./Core/Src/system_stm32g0xx.o
 .debug_frame   0x000000000000043c       0x8c ./Core/Src/usart.o
 .debug_frame   0x00000000000004c8      0x360 ./Drivers/STM32G0xx_HAL_Driver/Src/stm32g0xx_hal.o
 .debug_frame   0x0000000000000828      0x2fc ./Drivers/STM32G0xx_HAL_Driver/Src/stm32g0xx_hal_cortex.o
 .debug_frame   0x0000000000000b24      0x1f0 ./Drivers/STM32G0xx_HAL_Driver/Src/stm32g0xx_hal_dma.o
 .debug_frame   0x0000000000000d14      0x130 ./Drivers/STM32G0xx_HAL_Driver/Src/stm32g0xx_hal_gpio.o
 .debug_frame   0x0000000000000e44      0xa64 ./Drivers/STM32G0xx_HAL_Driver/Src/stm32g0xx_hal_i2c.o
 .debug_frame   0x00000000000018a8       0xd0 ./Drivers/STM32G0xx_HAL_Driver/Src/stm32g0xx_hal_i2c_ex.o
 .debug_frame   0x0000000000001978      0x1f4 ./Drivers/STM32G0xx_HAL_Driver/Src/stm32g0xx_hal_pwr_ex.o
 .debug_frame   0x0000000000001b6c      0x214 ./Drivers/STM32G0xx_HAL_Driver/Src/stm32g0xx_hal_rcc.o
 .debug_frame   0x0000000000001d80       0xb0 ./Drivers/STM32G0xx_HAL_Driver/Src/stm32g0xx_hal_rcc_ex.o
 .debug_frame   0x0000000000001e30      0x8d4 ./Drivers/STM32G0xx_HAL_Driver/Src/stm32g0xx_hal_uart.o
 .debug_frame   0x0000000000002704      0x25c ./Drivers/STM32G0xx_HAL_Driver/Src/stm32g0xx_hal_uart_ex.o
 .debug_frame   0x0000000000002960       0x2c c:/st/stm32cubeide_1.11.0/stm32cubeide/plugins/com.st.stm32cube.ide.mcu.externaltools.gnu-tools-for-stm32.10.3-2021.10.win32_1.0.200.202301161003/tools/bin/../lib/gcc/arm-none-eabi/10.3.1/../../../../arm-none-eabi/lib/thumb/v6-m/nofp\libc_nano.a(lib_a-init.o)
 .debug_frame   0x000000000000298c       0x20 c:/st/stm32cubeide_1.11.0/stm32cubeide/plugins/com.st.stm32cube.ide.mcu.externaltools.gnu-tools-for-stm32.10.3-2021.10.win32_1.0.200.202301161003/tools/bin/../lib/gcc/arm-none-eabi/10.3.1/../../../../arm-none-eabi/lib/thumb/v6-m/nofp\libc_nano.a(lib_a-memset.o)
 .debug_frame   0x00000000000029ac       0x20 c:/st/stm32cubeide_1.11.0/stm32cubeide/plugins/com.st.stm32cube.ide.mcu.externaltools.gnu-tools-for-stm32.10.3-2021.10.win32_1.0.200.202301161003/tools/bin/../lib/gcc/arm-none-eabi/10.3.1/thumb/v6-m/nofp\libgcc.a(_udivsi3.o)
 .debug_frame   0x00000000000029cc       0x20 c:/st/stm32cubeide_1.11.0/stm32cubeide/plugins/com.st.stm32cube.ide.mcu.externaltools.gnu-tools-for-stm32.10.3-2021.10.win32_1.0.200.202301161003/tools/bin/../lib/gcc/arm-none-eabi/10.3.1/thumb/v6-m/nofp\libgcc.a(_divsi3.o)
